// Jest Snapshot v1, https://goo.gl/fbAQLP

exports[`CalendarComponent Rendering Should have the correct number of grey days for the specified month 1`] = `
<yoo-calendar
  class="hydrated"
  data-yoo-calendar-host=""
>
  
  <div
    class="header"
    data-yoo-calendar=""
  >
    <div
      attr-layout="row"
      class="toolbar-tools"
      data-yoo-calendar=""
    >
      <yoo-tooltip
        data-yoo-calendar=""
        placement="bottom"
        text="Previous"
      >
        <yoo-button
          class="icon-only"
          data-yoo-calendar=""
          icon="yo-left"
        />
      </yoo-tooltip>
      <yoo-tooltip
        data-yoo-calendar=""
        placement="bottom"
        text="Next"
      >
        <yoo-button
          class="icon-only"
          data-yoo-calendar=""
          icon="yo-right"
        />
      </yoo-tooltip>
      <yoo-button
        class="medium"
        data-yoo-calendar=""
        text="Today"
      />
      <h2
        class="active-day"
        data-yoo-calendar=""
      >
        May 8, 2018
      </h2>
      <yoo-button
        class="medium"
        data-yoo-calendar=""
        text="Week"
      />
      <yoo-button
        class="medium success"
        data-yoo-calendar=""
        text="Month"
      />
    </div>
  </div>
  <div
    attr-layout="column"
    class="days"
    data-yoo-calendar=""
  >
    <div
      attr-layout="row"
      class="week-header"
      data-yoo-calendar=""
    >
      <div
        attr-layout="column"
        attr-layout-align="center center"
        class="day"
        data-yoo-calendar=""
      >
        <div
          class="day-text"
          data-yoo-calendar=""
        >
          Sun
        </div>
      </div>
      <div
        attr-layout="column"
        attr-layout-align="center center"
        class="day"
        data-yoo-calendar=""
      >
        <div
          class="day-text"
          data-yoo-calendar=""
        >
          Mon
        </div>
      </div>
      <div
        attr-layout="column"
        attr-layout-align="center center"
        class="day"
        data-yoo-calendar=""
      >
        <div
          class="day-text"
          data-yoo-calendar=""
        >
          Tue
        </div>
      </div>
      <div
        attr-layout="column"
        attr-layout-align="center center"
        class="day"
        data-yoo-calendar=""
      >
        <div
          class="day-text"
          data-yoo-calendar=""
        >
          Wed
        </div>
      </div>
      <div
        attr-layout="column"
        attr-layout-align="center center"
        class="day"
        data-yoo-calendar=""
      >
        <div
          class="day-text"
          data-yoo-calendar=""
        >
          Thu
        </div>
      </div>
      <div
        attr-layout="column"
        attr-layout-align="center center"
        class="day"
        data-yoo-calendar=""
      >
        <div
          class="day-text"
          data-yoo-calendar=""
        >
          Fri
        </div>
      </div>
      <div
        attr-layout="column"
        attr-layout-align="center center"
        class="day"
        data-yoo-calendar=""
      >
        <div
          class="day-text"
          data-yoo-calendar=""
        >
          Sat
        </div>
      </div>
    </div>
    <div
      attr-layout="row"
      class="week mode-month"
      data-yoo-calendar=""
    >
      <div
        attr-layout="column"
        attr-layout-align="center center"
        class="day grey-day"
        data-yoo-calendar=""
      >
        <div
          class="day-number"
          data-yoo-calendar=""
        >
          29
        </div>
        <div
          attr-layout="row"
          attr-layout-align="center center"
          class="markers"
          data-yoo-calendar=""
        >
          
        </div>
      </div>
      <div
        attr-layout="column"
        attr-layout-align="center center"
        class="day grey-day"
        data-yoo-calendar=""
      >
        <div
          class="day-number"
          data-yoo-calendar=""
        >
          30
        </div>
        <div
          attr-layout="row"
          attr-layout-align="center center"
          class="markers"
          data-yoo-calendar=""
        >
          
        </div>
      </div>
      <div
        attr-layout="column"
        attr-layout-align="center center"
        class="day"
        data-yoo-calendar=""
      >
        <div
          class="day-number"
          data-yoo-calendar=""
        >
          01
        </div>
        <div
          attr-layout="row"
          attr-layout-align="center center"
          class="markers"
          data-yoo-calendar=""
        >
          
        </div>
      </div>
      <div
        attr-layout="column"
        attr-layout-align="center center"
        class="day"
        data-yoo-calendar=""
      >
        <div
          class="day-number"
          data-yoo-calendar=""
        >
          02
        </div>
        <div
          attr-layout="row"
          attr-layout-align="center center"
          class="markers"
          data-yoo-calendar=""
        >
          
        </div>
      </div>
      <div
        attr-layout="column"
        attr-layout-align="center center"
        class="day"
        data-yoo-calendar=""
      >
        <div
          class="day-number"
          data-yoo-calendar=""
        >
          03
        </div>
        <div
          attr-layout="row"
          attr-layout-align="center center"
          class="markers"
          data-yoo-calendar=""
        >
          
        </div>
      </div>
      <div
        attr-layout="column"
        attr-layout-align="center center"
        class="day"
        data-yoo-calendar=""
      >
        <div
          class="day-number"
          data-yoo-calendar=""
        >
          04
        </div>
        <div
          attr-layout="row"
          attr-layout-align="center center"
          class="markers"
          data-yoo-calendar=""
        >
          
        </div>
      </div>
      <div
        attr-layout="column"
        attr-layout-align="center center"
        class="day"
        data-yoo-calendar=""
      >
        <div
          class="day-number"
          data-yoo-calendar=""
        >
          05
        </div>
        <div
          attr-layout="row"
          attr-layout-align="center center"
          class="markers"
          data-yoo-calendar=""
        >
          
        </div>
      </div>
    </div>
    <div
      attr-layout="row"
      class="week mode-month"
      data-yoo-calendar=""
    >
      <div
        attr-layout="column"
        attr-layout-align="center center"
        class="day"
        data-yoo-calendar=""
      >
        <div
          class="day-number"
          data-yoo-calendar=""
        >
          06
        </div>
        <div
          attr-layout="row"
          attr-layout-align="center center"
          class="markers"
          data-yoo-calendar=""
        >
          
        </div>
      </div>
      <div
        attr-layout="column"
        attr-layout-align="center center"
        class="day"
        data-yoo-calendar=""
      >
        <div
          class="day-number"
          data-yoo-calendar=""
        >
          07
        </div>
        <div
          attr-layout="row"
          attr-layout-align="center center"
          class="markers"
          data-yoo-calendar=""
        >
          
        </div>
      </div>
      <div
        attr-layout="column"
        attr-layout-align="center center"
        class="day active"
        data-yoo-calendar=""
      >
        <div
          class="day-number"
          data-yoo-calendar=""
        >
          08
        </div>
        <div
          attr-layout="row"
          attr-layout-align="center center"
          class="markers"
          data-yoo-calendar=""
        >
          
        </div>
      </div>
      <div
        attr-layout="column"
        attr-layout-align="center center"
        class="day"
        data-yoo-calendar=""
      >
        <div
          class="day-number"
          data-yoo-calendar=""
        >
          09
        </div>
        <div
          attr-layout="row"
          attr-layout-align="center center"
          class="markers"
          data-yoo-calendar=""
        >
          
        </div>
      </div>
      <div
        attr-layout="column"
        attr-layout-align="center center"
        class="day"
        data-yoo-calendar=""
      >
        <div
          class="day-number"
          data-yoo-calendar=""
        >
          10
        </div>
        <div
          attr-layout="row"
          attr-layout-align="center center"
          class="markers"
          data-yoo-calendar=""
        >
          
        </div>
      </div>
      <div
        attr-layout="column"
        attr-layout-align="center center"
        class="day"
        data-yoo-calendar=""
      >
        <div
          class="day-number"
          data-yoo-calendar=""
        >
          11
        </div>
        <div
          attr-layout="row"
          attr-layout-align="center center"
          class="markers"
          data-yoo-calendar=""
        >
          
        </div>
      </div>
      <div
        attr-layout="column"
        attr-layout-align="center center"
        class="day"
        data-yoo-calendar=""
      >
        <div
          class="day-number"
          data-yoo-calendar=""
        >
          12
        </div>
        <div
          attr-layout="row"
          attr-layout-align="center center"
          class="markers"
          data-yoo-calendar=""
        >
          
        </div>
      </div>
    </div>
    <div
      attr-layout="row"
      class="week mode-month"
      data-yoo-calendar=""
    >
      <div
        attr-layout="column"
        attr-layout-align="center center"
        class="day"
        data-yoo-calendar=""
      >
        <div
          class="day-number"
          data-yoo-calendar=""
        >
          13
        </div>
        <div
          attr-layout="row"
          attr-layout-align="center center"
          class="markers"
          data-yoo-calendar=""
        >
          
        </div>
      </div>
      <div
        attr-layout="column"
        attr-layout-align="center center"
        class="day"
        data-yoo-calendar=""
      >
        <div
          class="day-number"
          data-yoo-calendar=""
        >
          14
        </div>
        <div
          attr-layout="row"
          attr-layout-align="center center"
          class="markers"
          data-yoo-calendar=""
        >
          
        </div>
      </div>
      <div
        attr-layout="column"
        attr-layout-align="center center"
        class="day"
        data-yoo-calendar=""
      >
        <div
          class="day-number"
          data-yoo-calendar=""
        >
          15
        </div>
        <div
          attr-layout="row"
          attr-layout-align="center center"
          class="markers"
          data-yoo-calendar=""
        >
          
        </div>
      </div>
      <div
        attr-layout="column"
        attr-layout-align="center center"
        class="day"
        data-yoo-calendar=""
      >
        <div
          class="day-number"
          data-yoo-calendar=""
        >
          16
        </div>
        <div
          attr-layout="row"
          attr-layout-align="center center"
          class="markers"
          data-yoo-calendar=""
        >
          
        </div>
      </div>
      <div
        attr-layout="column"
        attr-layout-align="center center"
        class="day"
        data-yoo-calendar=""
      >
        <div
          class="day-number"
          data-yoo-calendar=""
        >
          17
        </div>
        <div
          attr-layout="row"
          attr-layout-align="center center"
          class="markers"
          data-yoo-calendar=""
        >
          
        </div>
      </div>
      <div
        attr-layout="column"
        attr-layout-align="center center"
        class="day"
        data-yoo-calendar=""
      >
        <div
          class="day-number"
          data-yoo-calendar=""
        >
          18
        </div>
        <div
          attr-layout="row"
          attr-layout-align="center center"
          class="markers"
          data-yoo-calendar=""
        >
          
        </div>
      </div>
      <div
        attr-layout="column"
        attr-layout-align="center center"
        class="day"
        data-yoo-calendar=""
      >
        <div
          class="day-number"
          data-yoo-calendar=""
        >
          19
        </div>
        <div
          attr-layout="row"
          attr-layout-align="center center"
          class="markers"
          data-yoo-calendar=""
        >
          
        </div>
      </div>
    </div>
    <div
      attr-layout="row"
      class="week mode-month"
      data-yoo-calendar=""
    >
      <div
        attr-layout="column"
        attr-layout-align="center center"
        class="day"
        data-yoo-calendar=""
      >
        <div
          class="day-number"
          data-yoo-calendar=""
        >
          20
        </div>
        <div
          attr-layout="row"
          attr-layout-align="center center"
          class="markers"
          data-yoo-calendar=""
        >
          
        </div>
      </div>
      <div
        attr-layout="column"
        attr-layout-align="center center"
        class="day"
        data-yoo-calendar=""
      >
        <div
          class="day-number"
          data-yoo-calendar=""
        >
          21
        </div>
        <div
          attr-layout="row"
          attr-layout-align="center center"
          class="markers"
          data-yoo-calendar=""
        >
          
        </div>
      </div>
      <div
        attr-layout="column"
        attr-layout-align="center center"
        class="day"
        data-yoo-calendar=""
      >
        <div
          class="day-number"
          data-yoo-calendar=""
        >
          22
        </div>
        <div
          attr-layout="row"
          attr-layout-align="center center"
          class="markers"
          data-yoo-calendar=""
        >
          
        </div>
      </div>
      <div
        attr-layout="column"
        attr-layout-align="center center"
        class="day"
        data-yoo-calendar=""
      >
        <div
          class="day-number"
          data-yoo-calendar=""
        >
          23
        </div>
        <div
          attr-layout="row"
          attr-layout-align="center center"
          class="markers"
          data-yoo-calendar=""
        >
          
        </div>
      </div>
      <div
        attr-layout="column"
        attr-layout-align="center center"
        class="day"
        data-yoo-calendar=""
      >
        <div
          class="day-number"
          data-yoo-calendar=""
        >
          24
        </div>
        <div
          attr-layout="row"
          attr-layout-align="center center"
          class="markers"
          data-yoo-calendar=""
        >
          
        </div>
      </div>
      <div
        attr-layout="column"
        attr-layout-align="center center"
        class="day"
        data-yoo-calendar=""
      >
        <div
          class="day-number"
          data-yoo-calendar=""
        >
          25
        </div>
        <div
          attr-layout="row"
          attr-layout-align="center center"
          class="markers"
          data-yoo-calendar=""
        >
          
        </div>
      </div>
      <div
        attr-layout="column"
        attr-layout-align="center center"
        class="day"
        data-yoo-calendar=""
      >
        <div
          class="day-number"
          data-yoo-calendar=""
        >
          26
        </div>
        <div
          attr-layout="row"
          attr-layout-align="center center"
          class="markers"
          data-yoo-calendar=""
        >
          
        </div>
      </div>
    </div>
    <div
      attr-layout="row"
      class="week mode-month"
      data-yoo-calendar=""
    >
      <div
        attr-layout="column"
        attr-layout-align="center center"
        class="day"
        data-yoo-calendar=""
      >
        <div
          class="day-number"
          data-yoo-calendar=""
        >
          27
        </div>
        <div
          attr-layout="row"
          attr-layout-align="center center"
          class="markers"
          data-yoo-calendar=""
        >
          
        </div>
      </div>
      <div
        attr-layout="column"
        attr-layout-align="center center"
        class="day"
        data-yoo-calendar=""
      >
        <div
          class="day-number"
          data-yoo-calendar=""
        >
          28
        </div>
        <div
          attr-layout="row"
          attr-layout-align="center center"
          class="markers"
          data-yoo-calendar=""
        >
          
        </div>
      </div>
      <div
        attr-layout="column"
        attr-layout-align="center center"
        class="day"
        data-yoo-calendar=""
      >
        <div
          class="day-number"
          data-yoo-calendar=""
        >
          29
        </div>
        <div
          attr-layout="row"
          attr-layout-align="center center"
          class="markers"
          data-yoo-calendar=""
        >
          
        </div>
      </div>
      <div
        attr-layout="column"
        attr-layout-align="center center"
        class="day"
        data-yoo-calendar=""
      >
        <div
          class="day-number"
          data-yoo-calendar=""
        >
          30
        </div>
        <div
          attr-layout="row"
          attr-layout-align="center center"
          class="markers"
          data-yoo-calendar=""
        >
          
        </div>
      </div>
      <div
        attr-layout="column"
        attr-layout-align="center center"
        class="day"
        data-yoo-calendar=""
      >
        <div
          class="day-number"
          data-yoo-calendar=""
        >
          31
        </div>
        <div
          attr-layout="row"
          attr-layout-align="center center"
          class="markers"
          data-yoo-calendar=""
        >
          
        </div>
      </div>
      <div
        attr-layout="column"
        attr-layout-align="center center"
        class="day grey-day"
        data-yoo-calendar=""
      >
        <div
          class="day-number"
          data-yoo-calendar=""
        >
          01
        </div>
        <div
          attr-layout="row"
          attr-layout-align="center center"
          class="markers"
          data-yoo-calendar=""
        >
          
        </div>
      </div>
      <div
        attr-layout="column"
        attr-layout-align="center center"
        class="day grey-day"
        data-yoo-calendar=""
      >
        <div
          class="day-number"
          data-yoo-calendar=""
        >
          02
        </div>
        <div
          attr-layout="row"
          attr-layout-align="center center"
          class="markers"
          data-yoo-calendar=""
        >
          
        </div>
      </div>
    </div>
  </div>
</yoo-calendar>
`;

exports[`CalendarComponent Rendering Should render with extra markers 1`] = `
<yoo-calendar
  class="hydrated"
  data-yoo-calendar-host=""
>
  
  <div
    class="header"
    data-yoo-calendar=""
  >
    <div
      attr-layout="row"
      class="toolbar-tools"
      data-yoo-calendar=""
    >
      <yoo-tooltip
        data-yoo-calendar=""
        placement="bottom"
        text="Previous"
      >
        <yoo-button
          class="icon-only"
          data-yoo-calendar=""
          icon="yo-left"
        />
      </yoo-tooltip>
      <yoo-tooltip
        data-yoo-calendar=""
        placement="bottom"
        text="Next"
      >
        <yoo-button
          class="icon-only"
          data-yoo-calendar=""
          icon="yo-right"
        />
      </yoo-tooltip>
      <yoo-button
        class="medium"
        data-yoo-calendar=""
        text="Today"
      />
      <h2
        class="active-day"
        data-yoo-calendar=""
      >
        May 8, 2018
      </h2>
      <yoo-button
        class="medium"
        data-yoo-calendar=""
        text="Week"
      />
      <yoo-button
        class="medium success"
        data-yoo-calendar=""
        text="Month"
      />
    </div>
  </div>
  <div
    attr-layout="column"
    class="days"
    data-yoo-calendar=""
  >
    <div
      attr-layout="row"
      class="week-header"
      data-yoo-calendar=""
    >
      <div
        attr-layout="column"
        attr-layout-align="center center"
        class="day"
        data-yoo-calendar=""
      >
        <div
          class="day-text"
          data-yoo-calendar=""
        >
          Sun
        </div>
      </div>
      <div
        attr-layout="column"
        attr-layout-align="center center"
        class="day"
        data-yoo-calendar=""
      >
        <div
          class="day-text"
          data-yoo-calendar=""
        >
          Mon
        </div>
      </div>
      <div
        attr-layout="column"
        attr-layout-align="center center"
        class="day"
        data-yoo-calendar=""
      >
        <div
          class="day-text"
          data-yoo-calendar=""
        >
          Tue
        </div>
      </div>
      <div
        attr-layout="column"
        attr-layout-align="center center"
        class="day"
        data-yoo-calendar=""
      >
        <div
          class="day-text"
          data-yoo-calendar=""
        >
          Wed
        </div>
      </div>
      <div
        attr-layout="column"
        attr-layout-align="center center"
        class="day"
        data-yoo-calendar=""
      >
        <div
          class="day-text"
          data-yoo-calendar=""
        >
          Thu
        </div>
      </div>
      <div
        attr-layout="column"
        attr-layout-align="center center"
        class="day"
        data-yoo-calendar=""
      >
        <div
          class="day-text"
          data-yoo-calendar=""
        >
          Fri
        </div>
      </div>
      <div
        attr-layout="column"
        attr-layout-align="center center"
        class="day"
        data-yoo-calendar=""
      >
        <div
          class="day-text"
          data-yoo-calendar=""
        >
          Sat
        </div>
      </div>
    </div>
    <div
      attr-layout="row"
      class="week mode-month"
      data-yoo-calendar=""
    >
      <div
        attr-layout="column"
        attr-layout-align="center center"
        class="day grey-day"
        data-yoo-calendar=""
      >
        <div
          class="day-number"
          data-yoo-calendar=""
        >
          29
        </div>
        <div
          attr-layout="row"
          attr-layout-align="center center"
          class="markers"
          data-yoo-calendar=""
        >
          
        </div>
      </div>
      <div
        attr-layout="column"
        attr-layout-align="center center"
        class="day grey-day"
        data-yoo-calendar=""
      >
        <div
          class="day-number"
          data-yoo-calendar=""
        >
          30
        </div>
        <div
          attr-layout="row"
          attr-layout-align="center center"
          class="markers"
          data-yoo-calendar=""
        >
          
        </div>
      </div>
      <div
        attr-layout="column"
        attr-layout-align="center center"
        class="day"
        data-yoo-calendar=""
      >
        <div
          class="day-number"
          data-yoo-calendar=""
        >
          01
        </div>
        <div
          attr-layout="row"
          attr-layout-align="center center"
          class="markers"
          data-yoo-calendar=""
        >
          
        </div>
      </div>
      <div
        attr-layout="column"
        attr-layout-align="center center"
        class="day"
        data-yoo-calendar=""
      >
        <div
          class="day-number"
          data-yoo-calendar=""
        >
          02
        </div>
        <div
          attr-layout="row"
          attr-layout-align="center center"
          class="markers"
          data-yoo-calendar=""
        >
          
        </div>
      </div>
      <div
        attr-layout="column"
        attr-layout-align="center center"
        class="day"
        data-yoo-calendar=""
      >
        <div
          class="day-number"
          data-yoo-calendar=""
        >
          03
        </div>
        <div
          attr-layout="row"
          attr-layout-align="center center"
          class="markers"
          data-yoo-calendar=""
        >
          
        </div>
      </div>
      <div
        attr-layout="column"
        attr-layout-align="center center"
        class="day"
        data-yoo-calendar=""
      >
        <div
          class="day-number"
          data-yoo-calendar=""
        >
          04
        </div>
        <div
          attr-layout="row"
          attr-layout-align="center center"
          class="markers"
          data-yoo-calendar=""
        >
          
        </div>
      </div>
      <div
        attr-layout="column"
        attr-layout-align="center center"
        class="day"
        data-yoo-calendar=""
      >
        <div
          class="day-number"
          data-yoo-calendar=""
        >
          05
        </div>
        <div
          attr-layout="row"
          attr-layout-align="center center"
          class="markers"
          data-yoo-calendar=""
        >
          
        </div>
      </div>
    </div>
    <div
      attr-layout="row"
      class="week mode-month"
      data-yoo-calendar=""
    >
      <div
        attr-layout="column"
        attr-layout-align="center center"
        class="day"
        data-yoo-calendar=""
      >
        <div
          class="day-number"
          data-yoo-calendar=""
        >
          06
        </div>
        <div
          attr-layout="row"
          attr-layout-align="center center"
          class="markers"
          data-yoo-calendar=""
        >
          
        </div>
      </div>
      <div
        attr-layout="column"
        attr-layout-align="center center"
        class="day"
        data-yoo-calendar=""
      >
        <div
          class="day-number"
          data-yoo-calendar=""
        >
          07
        </div>
        <div
          attr-layout="row"
          attr-layout-align="center center"
          class="markers"
          data-yoo-calendar=""
        >
          
        </div>
      </div>
      <div
        attr-layout="column"
        attr-layout-align="center center"
        class="day active"
        data-yoo-calendar=""
      >
        <div
          class="day-number"
          data-yoo-calendar=""
        >
          08
        </div>
        <div
          attr-layout="row"
          attr-layout-align="center center"
          class="markers"
          data-yoo-calendar=""
        >
          
          <div
            class="marker extra"
            data-yoo-calendar=""
          >
            3
          </div>
          
        </div>
      </div>
      <div
        attr-layout="column"
        attr-layout-align="center center"
        class="day"
        data-yoo-calendar=""
      >
        <div
          class="day-number"
          data-yoo-calendar=""
        >
          09
        </div>
        <div
          attr-layout="row"
          attr-layout-align="center center"
          class="markers"
          data-yoo-calendar=""
        >
          
          <div
            class="marker extra"
            data-yoo-calendar=""
          >
            2
          </div>
          
        </div>
      </div>
      <div
        attr-layout="column"
        attr-layout-align="center center"
        class="day"
        data-yoo-calendar=""
      >
        <div
          class="day-number"
          data-yoo-calendar=""
        >
          10
        </div>
        <div
          attr-layout="row"
          attr-layout-align="center center"
          class="markers"
          data-yoo-calendar=""
        >
          
          <div
            class="marker extra"
            data-yoo-calendar=""
          >
            1
          </div>
          
        </div>
      </div>
      <div
        attr-layout="column"
        attr-layout-align="center center"
        class="day"
        data-yoo-calendar=""
      >
        <div
          class="day-number"
          data-yoo-calendar=""
        >
          11
        </div>
        <div
          attr-layout="row"
          attr-layout-align="center center"
          class="markers"
          data-yoo-calendar=""
        >
          
        </div>
      </div>
      <div
        attr-layout="column"
        attr-layout-align="center center"
        class="day"
        data-yoo-calendar=""
      >
        <div
          class="day-number"
          data-yoo-calendar=""
        >
          12
        </div>
        <div
          attr-layout="row"
          attr-layout-align="center center"
          class="markers"
          data-yoo-calendar=""
        >
          
        </div>
      </div>
    </div>
    <div
      attr-layout="row"
      class="week mode-month"
      data-yoo-calendar=""
    >
      <div
        attr-layout="column"
        attr-layout-align="center center"
        class="day"
        data-yoo-calendar=""
      >
        <div
          class="day-number"
          data-yoo-calendar=""
        >
          13
        </div>
        <div
          attr-layout="row"
          attr-layout-align="center center"
          class="markers"
          data-yoo-calendar=""
        >
          
        </div>
      </div>
      <div
        attr-layout="column"
        attr-layout-align="center center"
        class="day"
        data-yoo-calendar=""
      >
        <div
          class="day-number"
          data-yoo-calendar=""
        >
          14
        </div>
        <div
          attr-layout="row"
          attr-layout-align="center center"
          class="markers"
          data-yoo-calendar=""
        >
          
        </div>
      </div>
      <div
        attr-layout="column"
        attr-layout-align="center center"
        class="day"
        data-yoo-calendar=""
      >
        <div
          class="day-number"
          data-yoo-calendar=""
        >
          15
        </div>
        <div
          attr-layout="row"
          attr-layout-align="center center"
          class="markers"
          data-yoo-calendar=""
        >
          
        </div>
      </div>
      <div
        attr-layout="column"
        attr-layout-align="center center"
        class="day"
        data-yoo-calendar=""
      >
        <div
          class="day-number"
          data-yoo-calendar=""
        >
          16
        </div>
        <div
          attr-layout="row"
          attr-layout-align="center center"
          class="markers"
          data-yoo-calendar=""
        >
          
        </div>
      </div>
      <div
        attr-layout="column"
        attr-layout-align="center center"
        class="day"
        data-yoo-calendar=""
      >
        <div
          class="day-number"
          data-yoo-calendar=""
        >
          17
        </div>
        <div
          attr-layout="row"
          attr-layout-align="center center"
          class="markers"
          data-yoo-calendar=""
        >
          
        </div>
      </div>
      <div
        attr-layout="column"
        attr-layout-align="center center"
        class="day"
        data-yoo-calendar=""
      >
        <div
          class="day-number"
          data-yoo-calendar=""
        >
          18
        </div>
        <div
          attr-layout="row"
          attr-layout-align="center center"
          class="markers"
          data-yoo-calendar=""
        >
          
        </div>
      </div>
      <div
        attr-layout="column"
        attr-layout-align="center center"
        class="day"
        data-yoo-calendar=""
      >
        <div
          class="day-number"
          data-yoo-calendar=""
        >
          19
        </div>
        <div
          attr-layout="row"
          attr-layout-align="center center"
          class="markers"
          data-yoo-calendar=""
        >
          
        </div>
      </div>
    </div>
    <div
      attr-layout="row"
      class="week mode-month"
      data-yoo-calendar=""
    >
      <div
        attr-layout="column"
        attr-layout-align="center center"
        class="day"
        data-yoo-calendar=""
      >
        <div
          class="day-number"
          data-yoo-calendar=""
        >
          20
        </div>
        <div
          attr-layout="row"
          attr-layout-align="center center"
          class="markers"
          data-yoo-calendar=""
        >
          
        </div>
      </div>
      <div
        attr-layout="column"
        attr-layout-align="center center"
        class="day"
        data-yoo-calendar=""
      >
        <div
          class="day-number"
          data-yoo-calendar=""
        >
          21
        </div>
        <div
          attr-layout="row"
          attr-layout-align="center center"
          class="markers"
          data-yoo-calendar=""
        >
          
        </div>
      </div>
      <div
        attr-layout="column"
        attr-layout-align="center center"
        class="day"
        data-yoo-calendar=""
      >
        <div
          class="day-number"
          data-yoo-calendar=""
        >
          22
        </div>
        <div
          attr-layout="row"
          attr-layout-align="center center"
          class="markers"
          data-yoo-calendar=""
        >
          
        </div>
      </div>
      <div
        attr-layout="column"
        attr-layout-align="center center"
        class="day"
        data-yoo-calendar=""
      >
        <div
          class="day-number"
          data-yoo-calendar=""
        >
          23
        </div>
        <div
          attr-layout="row"
          attr-layout-align="center center"
          class="markers"
          data-yoo-calendar=""
        >
          
        </div>
      </div>
      <div
        attr-layout="column"
        attr-layout-align="center center"
        class="day"
        data-yoo-calendar=""
      >
        <div
          class="day-number"
          data-yoo-calendar=""
        >
          24
        </div>
        <div
          attr-layout="row"
          attr-layout-align="center center"
          class="markers"
          data-yoo-calendar=""
        >
          
        </div>
      </div>
      <div
        attr-layout="column"
        attr-layout-align="center center"
        class="day"
        data-yoo-calendar=""
      >
        <div
          class="day-number"
          data-yoo-calendar=""
        >
          25
        </div>
        <div
          attr-layout="row"
          attr-layout-align="center center"
          class="markers"
          data-yoo-calendar=""
        >
          
        </div>
      </div>
      <div
        attr-layout="column"
        attr-layout-align="center center"
        class="day"
        data-yoo-calendar=""
      >
        <div
          class="day-number"
          data-yoo-calendar=""
        >
          26
        </div>
        <div
          attr-layout="row"
          attr-layout-align="center center"
          class="markers"
          data-yoo-calendar=""
        >
          
        </div>
      </div>
    </div>
    <div
      attr-layout="row"
      class="week mode-month"
      data-yoo-calendar=""
    >
      <div
        attr-layout="column"
        attr-layout-align="center center"
        class="day"
        data-yoo-calendar=""
      >
        <div
          class="day-number"
          data-yoo-calendar=""
        >
          27
        </div>
        <div
          attr-layout="row"
          attr-layout-align="center center"
          class="markers"
          data-yoo-calendar=""
        >
          
        </div>
      </div>
      <div
        attr-layout="column"
        attr-layout-align="center center"
        class="day"
        data-yoo-calendar=""
      >
        <div
          class="day-number"
          data-yoo-calendar=""
        >
          28
        </div>
        <div
          attr-layout="row"
          attr-layout-align="center center"
          class="markers"
          data-yoo-calendar=""
        >
          
        </div>
      </div>
      <div
        attr-layout="column"
        attr-layout-align="center center"
        class="day"
        data-yoo-calendar=""
      >
        <div
          class="day-number"
          data-yoo-calendar=""
        >
          29
        </div>
        <div
          attr-layout="row"
          attr-layout-align="center center"
          class="markers"
          data-yoo-calendar=""
        >
          
        </div>
      </div>
      <div
        attr-layout="column"
        attr-layout-align="center center"
        class="day"
        data-yoo-calendar=""
      >
        <div
          class="day-number"
          data-yoo-calendar=""
        >
          30
        </div>
        <div
          attr-layout="row"
          attr-layout-align="center center"
          class="markers"
          data-yoo-calendar=""
        >
          
        </div>
      </div>
      <div
        attr-layout="column"
        attr-layout-align="center center"
        class="day"
        data-yoo-calendar=""
      >
        <div
          class="day-number"
          data-yoo-calendar=""
        >
          31
        </div>
        <div
          attr-layout="row"
          attr-layout-align="center center"
          class="markers"
          data-yoo-calendar=""
        >
          
        </div>
      </div>
      <div
        attr-layout="column"
        attr-layout-align="center center"
        class="day grey-day"
        data-yoo-calendar=""
      >
        <div
          class="day-number"
          data-yoo-calendar=""
        >
          01
        </div>
        <div
          attr-layout="row"
          attr-layout-align="center center"
          class="markers"
          data-yoo-calendar=""
        >
          
        </div>
      </div>
      <div
        attr-layout="column"
        attr-layout-align="center center"
        class="day grey-day"
        data-yoo-calendar=""
      >
        <div
          class="day-number"
          data-yoo-calendar=""
        >
          02
        </div>
        <div
          attr-layout="row"
          attr-layout-align="center center"
          class="markers"
          data-yoo-calendar=""
        >
          
        </div>
      </div>
    </div>
  </div>
</yoo-calendar>
`;

exports[`CalendarComponent Rendering Should render with markers 1`] = `
<yoo-calendar
  class="hydrated"
  data-yoo-calendar-host=""
>
  
  <div
    class="header"
    data-yoo-calendar=""
  >
    <div
      attr-layout="row"
      class="toolbar-tools"
      data-yoo-calendar=""
    >
      <yoo-tooltip
        data-yoo-calendar=""
        placement="bottom"
        text="Previous"
      >
        <yoo-button
          class="icon-only"
          data-yoo-calendar=""
          icon="yo-left"
        />
      </yoo-tooltip>
      <yoo-tooltip
        data-yoo-calendar=""
        placement="bottom"
        text="Next"
      >
        <yoo-button
          class="icon-only"
          data-yoo-calendar=""
          icon="yo-right"
        />
      </yoo-tooltip>
      <yoo-button
        class="medium"
        data-yoo-calendar=""
        text="Today"
      />
      <h2
        class="active-day"
        data-yoo-calendar=""
      >
        May 8, 2018
      </h2>
      <yoo-button
        class="medium"
        data-yoo-calendar=""
        text="Week"
      />
      <yoo-button
        class="medium success"
        data-yoo-calendar=""
        text="Month"
      />
    </div>
  </div>
  <div
    attr-layout="column"
    class="days"
    data-yoo-calendar=""
  >
    <div
      attr-layout="row"
      class="week-header"
      data-yoo-calendar=""
    >
      <div
        attr-layout="column"
        attr-layout-align="center center"
        class="day"
        data-yoo-calendar=""
      >
        <div
          class="day-text"
          data-yoo-calendar=""
        >
          Sun
        </div>
      </div>
      <div
        attr-layout="column"
        attr-layout-align="center center"
        class="day"
        data-yoo-calendar=""
      >
        <div
          class="day-text"
          data-yoo-calendar=""
        >
          Mon
        </div>
      </div>
      <div
        attr-layout="column"
        attr-layout-align="center center"
        class="day"
        data-yoo-calendar=""
      >
        <div
          class="day-text"
          data-yoo-calendar=""
        >
          Tue
        </div>
      </div>
      <div
        attr-layout="column"
        attr-layout-align="center center"
        class="day"
        data-yoo-calendar=""
      >
        <div
          class="day-text"
          data-yoo-calendar=""
        >
          Wed
        </div>
      </div>
      <div
        attr-layout="column"
        attr-layout-align="center center"
        class="day"
        data-yoo-calendar=""
      >
        <div
          class="day-text"
          data-yoo-calendar=""
        >
          Thu
        </div>
      </div>
      <div
        attr-layout="column"
        attr-layout-align="center center"
        class="day"
        data-yoo-calendar=""
      >
        <div
          class="day-text"
          data-yoo-calendar=""
        >
          Fri
        </div>
      </div>
      <div
        attr-layout="column"
        attr-layout-align="center center"
        class="day"
        data-yoo-calendar=""
      >
        <div
          class="day-text"
          data-yoo-calendar=""
        >
          Sat
        </div>
      </div>
    </div>
    <div
      attr-layout="row"
      class="week mode-month"
      data-yoo-calendar=""
    >
      <div
        attr-layout="column"
        attr-layout-align="center center"
        class="day grey-day"
        data-yoo-calendar=""
      >
        <div
          class="day-number"
          data-yoo-calendar=""
        >
          29
        </div>
        <div
          attr-layout="row"
          attr-layout-align="center center"
          class="markers"
          data-yoo-calendar=""
        >
          
        </div>
      </div>
      <div
        attr-layout="column"
        attr-layout-align="center center"
        class="day grey-day"
        data-yoo-calendar=""
      >
        <div
          class="day-number"
          data-yoo-calendar=""
        >
          30
        </div>
        <div
          attr-layout="row"
          attr-layout-align="center center"
          class="markers"
          data-yoo-calendar=""
        >
          
        </div>
      </div>
      <div
        attr-layout="column"
        attr-layout-align="center center"
        class="day"
        data-yoo-calendar=""
      >
        <div
          class="day-number"
          data-yoo-calendar=""
        >
          01
        </div>
        <div
          attr-layout="row"
          attr-layout-align="center center"
          class="markers"
          data-yoo-calendar=""
        >
          
        </div>
      </div>
      <div
        attr-layout="column"
        attr-layout-align="center center"
        class="day"
        data-yoo-calendar=""
      >
        <div
          class="day-number"
          data-yoo-calendar=""
        >
          02
        </div>
        <div
          attr-layout="row"
          attr-layout-align="center center"
          class="markers"
          data-yoo-calendar=""
        >
          
        </div>
      </div>
      <div
        attr-layout="column"
        attr-layout-align="center center"
        class="day"
        data-yoo-calendar=""
      >
        <div
          class="day-number"
          data-yoo-calendar=""
        >
          03
        </div>
        <div
          attr-layout="row"
          attr-layout-align="center center"
          class="markers"
          data-yoo-calendar=""
        >
          
        </div>
      </div>
      <div
        attr-layout="column"
        attr-layout-align="center center"
        class="day"
        data-yoo-calendar=""
      >
        <div
          class="day-number"
          data-yoo-calendar=""
        >
          04
        </div>
        <div
          attr-layout="row"
          attr-layout-align="center center"
          class="markers"
          data-yoo-calendar=""
        >
          
        </div>
      </div>
      <div
        attr-layout="column"
        attr-layout-align="center center"
        class="day"
        data-yoo-calendar=""
      >
        <div
          class="day-number"
          data-yoo-calendar=""
        >
          05
        </div>
        <div
          attr-layout="row"
          attr-layout-align="center center"
          class="markers"
          data-yoo-calendar=""
        >
          
        </div>
      </div>
    </div>
    <div
      attr-layout="row"
      class="week mode-month"
      data-yoo-calendar=""
    >
      <div
        attr-layout="column"
        attr-layout-align="center center"
        class="day"
        data-yoo-calendar=""
      >
        <div
          class="day-number"
          data-yoo-calendar=""
        >
          06
        </div>
        <div
          attr-layout="row"
          attr-layout-align="center center"
          class="markers"
          data-yoo-calendar=""
        >
          
        </div>
      </div>
      <div
        attr-layout="column"
        attr-layout-align="center center"
        class="day"
        data-yoo-calendar=""
      >
        <div
          class="day-number"
          data-yoo-calendar=""
        >
          07
        </div>
        <div
          attr-layout="row"
          attr-layout-align="center center"
          class="markers"
          data-yoo-calendar=""
        >
          
        </div>
      </div>
      <div
        attr-layout="column"
        attr-layout-align="center center"
        class="day active"
        data-yoo-calendar=""
      >
        <div
          class="day-number"
          data-yoo-calendar=""
        >
          08
        </div>
        <div
          attr-layout="row"
          attr-layout-align="center center"
          class="markers"
          data-yoo-calendar=""
        >
          <div
            class="marker"
            data-yoo-calendar=""
          >
            3
          </div>
          
        </div>
      </div>
      <div
        attr-layout="column"
        attr-layout-align="center center"
        class="day"
        data-yoo-calendar=""
      >
        <div
          class="day-number"
          data-yoo-calendar=""
        >
          09
        </div>
        <div
          attr-layout="row"
          attr-layout-align="center center"
          class="markers"
          data-yoo-calendar=""
        >
          <div
            class="marker"
            data-yoo-calendar=""
          >
            2
          </div>
          
        </div>
      </div>
      <div
        attr-layout="column"
        attr-layout-align="center center"
        class="day"
        data-yoo-calendar=""
      >
        <div
          class="day-number"
          data-yoo-calendar=""
        >
          10
        </div>
        <div
          attr-layout="row"
          attr-layout-align="center center"
          class="markers"
          data-yoo-calendar=""
        >
          <div
            class="marker"
            data-yoo-calendar=""
          >
            1
          </div>
          
        </div>
      </div>
      <div
        attr-layout="column"
        attr-layout-align="center center"
        class="day"
        data-yoo-calendar=""
      >
        <div
          class="day-number"
          data-yoo-calendar=""
        >
          11
        </div>
        <div
          attr-layout="row"
          attr-layout-align="center center"
          class="markers"
          data-yoo-calendar=""
        >
          
        </div>
      </div>
      <div
        attr-layout="column"
        attr-layout-align="center center"
        class="day"
        data-yoo-calendar=""
      >
        <div
          class="day-number"
          data-yoo-calendar=""
        >
          12
        </div>
        <div
          attr-layout="row"
          attr-layout-align="center center"
          class="markers"
          data-yoo-calendar=""
        >
          
        </div>
      </div>
    </div>
    <div
      attr-layout="row"
      class="week mode-month"
      data-yoo-calendar=""
    >
      <div
        attr-layout="column"
        attr-layout-align="center center"
        class="day"
        data-yoo-calendar=""
      >
        <div
          class="day-number"
          data-yoo-calendar=""
        >
          13
        </div>
        <div
          attr-layout="row"
          attr-layout-align="center center"
          class="markers"
          data-yoo-calendar=""
        >
          
        </div>
      </div>
      <div
        attr-layout="column"
        attr-layout-align="center center"
        class="day"
        data-yoo-calendar=""
      >
        <div
          class="day-number"
          data-yoo-calendar=""
        >
          14
        </div>
        <div
          attr-layout="row"
          attr-layout-align="center center"
          class="markers"
          data-yoo-calendar=""
        >
          
        </div>
      </div>
      <div
        attr-layout="column"
        attr-layout-align="center center"
        class="day"
        data-yoo-calendar=""
      >
        <div
          class="day-number"
          data-yoo-calendar=""
        >
          15
        </div>
        <div
          attr-layout="row"
          attr-layout-align="center center"
          class="markers"
          data-yoo-calendar=""
        >
          
        </div>
      </div>
      <div
        attr-layout="column"
        attr-layout-align="center center"
        class="day"
        data-yoo-calendar=""
      >
        <div
          class="day-number"
          data-yoo-calendar=""
        >
          16
        </div>
        <div
          attr-layout="row"
          attr-layout-align="center center"
          class="markers"
          data-yoo-calendar=""
        >
          
        </div>
      </div>
      <div
        attr-layout="column"
        attr-layout-align="center center"
        class="day"
        data-yoo-calendar=""
      >
        <div
          class="day-number"
          data-yoo-calendar=""
        >
          17
        </div>
        <div
          attr-layout="row"
          attr-layout-align="center center"
          class="markers"
          data-yoo-calendar=""
        >
          
        </div>
      </div>
      <div
        attr-layout="column"
        attr-layout-align="center center"
        class="day"
        data-yoo-calendar=""
      >
        <div
          class="day-number"
          data-yoo-calendar=""
        >
          18
        </div>
        <div
          attr-layout="row"
          attr-layout-align="center center"
          class="markers"
          data-yoo-calendar=""
        >
          
        </div>
      </div>
      <div
        attr-layout="column"
        attr-layout-align="center center"
        class="day"
        data-yoo-calendar=""
      >
        <div
          class="day-number"
          data-yoo-calendar=""
        >
          19
        </div>
        <div
          attr-layout="row"
          attr-layout-align="center center"
          class="markers"
          data-yoo-calendar=""
        >
          
        </div>
      </div>
    </div>
    <div
      attr-layout="row"
      class="week mode-month"
      data-yoo-calendar=""
    >
      <div
        attr-layout="column"
        attr-layout-align="center center"
        class="day"
        data-yoo-calendar=""
      >
        <div
          class="day-number"
          data-yoo-calendar=""
        >
          20
        </div>
        <div
          attr-layout="row"
          attr-layout-align="center center"
          class="markers"
          data-yoo-calendar=""
        >
          
        </div>
      </div>
      <div
        attr-layout="column"
        attr-layout-align="center center"
        class="day"
        data-yoo-calendar=""
      >
        <div
          class="day-number"
          data-yoo-calendar=""
        >
          21
        </div>
        <div
          attr-layout="row"
          attr-layout-align="center center"
          class="markers"
          data-yoo-calendar=""
        >
          
        </div>
      </div>
      <div
        attr-layout="column"
        attr-layout-align="center center"
        class="day"
        data-yoo-calendar=""
      >
        <div
          class="day-number"
          data-yoo-calendar=""
        >
          22
        </div>
        <div
          attr-layout="row"
          attr-layout-align="center center"
          class="markers"
          data-yoo-calendar=""
        >
          
        </div>
      </div>
      <div
        attr-layout="column"
        attr-layout-align="center center"
        class="day"
        data-yoo-calendar=""
      >
        <div
          class="day-number"
          data-yoo-calendar=""
        >
          23
        </div>
        <div
          attr-layout="row"
          attr-layout-align="center center"
          class="markers"
          data-yoo-calendar=""
        >
          
        </div>
      </div>
      <div
        attr-layout="column"
        attr-layout-align="center center"
        class="day"
        data-yoo-calendar=""
      >
        <div
          class="day-number"
          data-yoo-calendar=""
        >
          24
        </div>
        <div
          attr-layout="row"
          attr-layout-align="center center"
          class="markers"
          data-yoo-calendar=""
        >
          
        </div>
      </div>
      <div
        attr-layout="column"
        attr-layout-align="center center"
        class="day"
        data-yoo-calendar=""
      >
        <div
          class="day-number"
          data-yoo-calendar=""
        >
          25
        </div>
        <div
          attr-layout="row"
          attr-layout-align="center center"
          class="markers"
          data-yoo-calendar=""
        >
          
        </div>
      </div>
      <div
        attr-layout="column"
        attr-layout-align="center center"
        class="day"
        data-yoo-calendar=""
      >
        <div
          class="day-number"
          data-yoo-calendar=""
        >
          26
        </div>
        <div
          attr-layout="row"
          attr-layout-align="center center"
          class="markers"
          data-yoo-calendar=""
        >
          
        </div>
      </div>
    </div>
    <div
      attr-layout="row"
      class="week mode-month"
      data-yoo-calendar=""
    >
      <div
        attr-layout="column"
        attr-layout-align="center center"
        class="day"
        data-yoo-calendar=""
      >
        <div
          class="day-number"
          data-yoo-calendar=""
        >
          27
        </div>
        <div
          attr-layout="row"
          attr-layout-align="center center"
          class="markers"
          data-yoo-calendar=""
        >
          
        </div>
      </div>
      <div
        attr-layout="column"
        attr-layout-align="center center"
        class="day"
        data-yoo-calendar=""
      >
        <div
          class="day-number"
          data-yoo-calendar=""
        >
          28
        </div>
        <div
          attr-layout="row"
          attr-layout-align="center center"
          class="markers"
          data-yoo-calendar=""
        >
          
        </div>
      </div>
      <div
        attr-layout="column"
        attr-layout-align="center center"
        class="day"
        data-yoo-calendar=""
      >
        <div
          class="day-number"
          data-yoo-calendar=""
        >
          29
        </div>
        <div
          attr-layout="row"
          attr-layout-align="center center"
          class="markers"
          data-yoo-calendar=""
        >
          
        </div>
      </div>
      <div
        attr-layout="column"
        attr-layout-align="center center"
        class="day"
        data-yoo-calendar=""
      >
        <div
          class="day-number"
          data-yoo-calendar=""
        >
          30
        </div>
        <div
          attr-layout="row"
          attr-layout-align="center center"
          class="markers"
          data-yoo-calendar=""
        >
          
        </div>
      </div>
      <div
        attr-layout="column"
        attr-layout-align="center center"
        class="day"
        data-yoo-calendar=""
      >
        <div
          class="day-number"
          data-yoo-calendar=""
        >
          31
        </div>
        <div
          attr-layout="row"
          attr-layout-align="center center"
          class="markers"
          data-yoo-calendar=""
        >
          
        </div>
      </div>
      <div
        attr-layout="column"
        attr-layout-align="center center"
        class="day grey-day"
        data-yoo-calendar=""
      >
        <div
          class="day-number"
          data-yoo-calendar=""
        >
          01
        </div>
        <div
          attr-layout="row"
          attr-layout-align="center center"
          class="markers"
          data-yoo-calendar=""
        >
          
        </div>
      </div>
      <div
        attr-layout="column"
        attr-layout-align="center center"
        class="day grey-day"
        data-yoo-calendar=""
      >
        <div
          class="day-number"
          data-yoo-calendar=""
        >
          02
        </div>
        <div
          attr-layout="row"
          attr-layout-align="center center"
          class="markers"
          data-yoo-calendar=""
        >
          
        </div>
      </div>
    </div>
  </div>
</yoo-calendar>
`;

exports[`CalendarComponent Rendering Should render with markers with no count 1`] = `
<yoo-calendar
  class="hydrated"
  data-yoo-calendar-host=""
>
  
  <div
    class="header"
    data-yoo-calendar=""
  >
    <div
      attr-layout="row"
      class="toolbar-tools"
      data-yoo-calendar=""
    >
      <yoo-tooltip
        data-yoo-calendar=""
        placement="bottom"
        text="Previous"
      >
        <yoo-button
          class="icon-only"
          data-yoo-calendar=""
          icon="yo-left"
        />
      </yoo-tooltip>
      <yoo-tooltip
        data-yoo-calendar=""
        placement="bottom"
        text="Next"
      >
        <yoo-button
          class="icon-only"
          data-yoo-calendar=""
          icon="yo-right"
        />
      </yoo-tooltip>
      <yoo-button
        class="medium"
        data-yoo-calendar=""
        text="Today"
      />
      <h2
        class="active-day"
        data-yoo-calendar=""
      >
        May 8, 2018
      </h2>
      <yoo-button
        class="medium"
        data-yoo-calendar=""
        text="Week"
      />
      <yoo-button
        class="medium success"
        data-yoo-calendar=""
        text="Month"
      />
    </div>
  </div>
  <div
    attr-layout="column"
    class="days"
    data-yoo-calendar=""
  >
    <div
      attr-layout="row"
      class="week-header"
      data-yoo-calendar=""
    >
      <div
        attr-layout="column"
        attr-layout-align="center center"
        class="day"
        data-yoo-calendar=""
      >
        <div
          class="day-text"
          data-yoo-calendar=""
        >
          Sun
        </div>
      </div>
      <div
        attr-layout="column"
        attr-layout-align="center center"
        class="day"
        data-yoo-calendar=""
      >
        <div
          class="day-text"
          data-yoo-calendar=""
        >
          Mon
        </div>
      </div>
      <div
        attr-layout="column"
        attr-layout-align="center center"
        class="day"
        data-yoo-calendar=""
      >
        <div
          class="day-text"
          data-yoo-calendar=""
        >
          Tue
        </div>
      </div>
      <div
        attr-layout="column"
        attr-layout-align="center center"
        class="day"
        data-yoo-calendar=""
      >
        <div
          class="day-text"
          data-yoo-calendar=""
        >
          Wed
        </div>
      </div>
      <div
        attr-layout="column"
        attr-layout-align="center center"
        class="day"
        data-yoo-calendar=""
      >
        <div
          class="day-text"
          data-yoo-calendar=""
        >
          Thu
        </div>
      </div>
      <div
        attr-layout="column"
        attr-layout-align="center center"
        class="day"
        data-yoo-calendar=""
      >
        <div
          class="day-text"
          data-yoo-calendar=""
        >
          Fri
        </div>
      </div>
      <div
        attr-layout="column"
        attr-layout-align="center center"
        class="day"
        data-yoo-calendar=""
      >
        <div
          class="day-text"
          data-yoo-calendar=""
        >
          Sat
        </div>
      </div>
    </div>
    <div
      attr-layout="row"
      class="week mode-month"
      data-yoo-calendar=""
    >
      <div
        attr-layout="column"
        attr-layout-align="center center"
        class="day grey-day"
        data-yoo-calendar=""
      >
        <div
          class="day-number"
          data-yoo-calendar=""
        >
          29
        </div>
        <div
          attr-layout="row"
          attr-layout-align="center center"
          class="markers"
          data-yoo-calendar=""
        >
          
        </div>
      </div>
      <div
        attr-layout="column"
        attr-layout-align="center center"
        class="day grey-day"
        data-yoo-calendar=""
      >
        <div
          class="day-number"
          data-yoo-calendar=""
        >
          30
        </div>
        <div
          attr-layout="row"
          attr-layout-align="center center"
          class="markers"
          data-yoo-calendar=""
        >
          
        </div>
      </div>
      <div
        attr-layout="column"
        attr-layout-align="center center"
        class="day"
        data-yoo-calendar=""
      >
        <div
          class="day-number"
          data-yoo-calendar=""
        >
          01
        </div>
        <div
          attr-layout="row"
          attr-layout-align="center center"
          class="markers"
          data-yoo-calendar=""
        >
          
        </div>
      </div>
      <div
        attr-layout="column"
        attr-layout-align="center center"
        class="day"
        data-yoo-calendar=""
      >
        <div
          class="day-number"
          data-yoo-calendar=""
        >
          02
        </div>
        <div
          attr-layout="row"
          attr-layout-align="center center"
          class="markers"
          data-yoo-calendar=""
        >
          
        </div>
      </div>
      <div
        attr-layout="column"
        attr-layout-align="center center"
        class="day"
        data-yoo-calendar=""
      >
        <div
          class="day-number"
          data-yoo-calendar=""
        >
          03
        </div>
        <div
          attr-layout="row"
          attr-layout-align="center center"
          class="markers"
          data-yoo-calendar=""
        >
          
        </div>
      </div>
      <div
        attr-layout="column"
        attr-layout-align="center center"
        class="day"
        data-yoo-calendar=""
      >
        <div
          class="day-number"
          data-yoo-calendar=""
        >
          04
        </div>
        <div
          attr-layout="row"
          attr-layout-align="center center"
          class="markers"
          data-yoo-calendar=""
        >
          
        </div>
      </div>
      <div
        attr-layout="column"
        attr-layout-align="center center"
        class="day"
        data-yoo-calendar=""
      >
        <div
          class="day-number"
          data-yoo-calendar=""
        >
          05
        </div>
        <div
          attr-layout="row"
          attr-layout-align="center center"
          class="markers"
          data-yoo-calendar=""
        >
          
        </div>
      </div>
    </div>
    <div
      attr-layout="row"
      class="week mode-month"
      data-yoo-calendar=""
    >
      <div
        attr-layout="column"
        attr-layout-align="center center"
        class="day"
        data-yoo-calendar=""
      >
        <div
          class="day-number"
          data-yoo-calendar=""
        >
          06
        </div>
        <div
          attr-layout="row"
          attr-layout-align="center center"
          class="markers"
          data-yoo-calendar=""
        >
          
        </div>
      </div>
      <div
        attr-layout="column"
        attr-layout-align="center center"
        class="day"
        data-yoo-calendar=""
      >
        <div
          class="day-number"
          data-yoo-calendar=""
        >
          07
        </div>
        <div
          attr-layout="row"
          attr-layout-align="center center"
          class="markers"
          data-yoo-calendar=""
        >
          
        </div>
      </div>
      <div
        attr-layout="column"
        attr-layout-align="center center"
        class="day active"
        data-yoo-calendar=""
      >
        <div
          class="day-number"
          data-yoo-calendar=""
        >
          08
        </div>
        <div
          attr-layout="row"
          attr-layout-align="center center"
          class="markers"
          data-yoo-calendar=""
        >
          
          <div
            class="marker no-count"
            data-yoo-calendar=""
          >
            
          </div>
        </div>
      </div>
      <div
        attr-layout="column"
        attr-layout-align="center center"
        class="day"
        data-yoo-calendar=""
      >
        <div
          class="day-number"
          data-yoo-calendar=""
        >
          09
        </div>
        <div
          attr-layout="row"
          attr-layout-align="center center"
          class="markers"
          data-yoo-calendar=""
        >
          
          <div
            class="marker no-count"
            data-yoo-calendar=""
          >
            
          </div>
        </div>
      </div>
      <div
        attr-layout="column"
        attr-layout-align="center center"
        class="day"
        data-yoo-calendar=""
      >
        <div
          class="day-number"
          data-yoo-calendar=""
        >
          10
        </div>
        <div
          attr-layout="row"
          attr-layout-align="center center"
          class="markers"
          data-yoo-calendar=""
        >
          
        </div>
      </div>
      <div
        attr-layout="column"
        attr-layout-align="center center"
        class="day"
        data-yoo-calendar=""
      >
        <div
          class="day-number"
          data-yoo-calendar=""
        >
          11
        </div>
        <div
          attr-layout="row"
          attr-layout-align="center center"
          class="markers"
          data-yoo-calendar=""
        >
          
        </div>
      </div>
      <div
        attr-layout="column"
        attr-layout-align="center center"
        class="day"
        data-yoo-calendar=""
      >
        <div
          class="day-number"
          data-yoo-calendar=""
        >
          12
        </div>
        <div
          attr-layout="row"
          attr-layout-align="center center"
          class="markers"
          data-yoo-calendar=""
        >
          
        </div>
      </div>
    </div>
    <div
      attr-layout="row"
      class="week mode-month"
      data-yoo-calendar=""
    >
      <div
        attr-layout="column"
        attr-layout-align="center center"
        class="day"
        data-yoo-calendar=""
      >
        <div
          class="day-number"
          data-yoo-calendar=""
        >
          13
        </div>
        <div
          attr-layout="row"
          attr-layout-align="center center"
          class="markers"
          data-yoo-calendar=""
        >
          
        </div>
      </div>
      <div
        attr-layout="column"
        attr-layout-align="center center"
        class="day"
        data-yoo-calendar=""
      >
        <div
          class="day-number"
          data-yoo-calendar=""
        >
          14
        </div>
        <div
          attr-layout="row"
          attr-layout-align="center center"
          class="markers"
          data-yoo-calendar=""
        >
          
        </div>
      </div>
      <div
        attr-layout="column"
        attr-layout-align="center center"
        class="day"
        data-yoo-calendar=""
      >
        <div
          class="day-number"
          data-yoo-calendar=""
        >
          15
        </div>
        <div
          attr-layout="row"
          attr-layout-align="center center"
          class="markers"
          data-yoo-calendar=""
        >
          
        </div>
      </div>
      <div
        attr-layout="column"
        attr-layout-align="center center"
        class="day"
        data-yoo-calendar=""
      >
        <div
          class="day-number"
          data-yoo-calendar=""
        >
          16
        </div>
        <div
          attr-layout="row"
          attr-layout-align="center center"
          class="markers"
          data-yoo-calendar=""
        >
          
        </div>
      </div>
      <div
        attr-layout="column"
        attr-layout-align="center center"
        class="day"
        data-yoo-calendar=""
      >
        <div
          class="day-number"
          data-yoo-calendar=""
        >
          17
        </div>
        <div
          attr-layout="row"
          attr-layout-align="center center"
          class="markers"
          data-yoo-calendar=""
        >
          
        </div>
      </div>
      <div
        attr-layout="column"
        attr-layout-align="center center"
        class="day"
        data-yoo-calendar=""
      >
        <div
          class="day-number"
          data-yoo-calendar=""
        >
          18
        </div>
        <div
          attr-layout="row"
          attr-layout-align="center center"
          class="markers"
          data-yoo-calendar=""
        >
          
        </div>
      </div>
      <div
        attr-layout="column"
        attr-layout-align="center center"
        class="day"
        data-yoo-calendar=""
      >
        <div
          class="day-number"
          data-yoo-calendar=""
        >
          19
        </div>
        <div
          attr-layout="row"
          attr-layout-align="center center"
          class="markers"
          data-yoo-calendar=""
        >
          
        </div>
      </div>
    </div>
    <div
      attr-layout="row"
      class="week mode-month"
      data-yoo-calendar=""
    >
      <div
        attr-layout="column"
        attr-layout-align="center center"
        class="day"
        data-yoo-calendar=""
      >
        <div
          class="day-number"
          data-yoo-calendar=""
        >
          20
        </div>
        <div
          attr-layout="row"
          attr-layout-align="center center"
          class="markers"
          data-yoo-calendar=""
        >
          
        </div>
      </div>
      <div
        attr-layout="column"
        attr-layout-align="center center"
        class="day"
        data-yoo-calendar=""
      >
        <div
          class="day-number"
          data-yoo-calendar=""
        >
          21
        </div>
        <div
          attr-layout="row"
          attr-layout-align="center center"
          class="markers"
          data-yoo-calendar=""
        >
          
        </div>
      </div>
      <div
        attr-layout="column"
        attr-layout-align="center center"
        class="day"
        data-yoo-calendar=""
      >
        <div
          class="day-number"
          data-yoo-calendar=""
        >
          22
        </div>
        <div
          attr-layout="row"
          attr-layout-align="center center"
          class="markers"
          data-yoo-calendar=""
        >
          
        </div>
      </div>
      <div
        attr-layout="column"
        attr-layout-align="center center"
        class="day"
        data-yoo-calendar=""
      >
        <div
          class="day-number"
          data-yoo-calendar=""
        >
          23
        </div>
        <div
          attr-layout="row"
          attr-layout-align="center center"
          class="markers"
          data-yoo-calendar=""
        >
          
        </div>
      </div>
      <div
        attr-layout="column"
        attr-layout-align="center center"
        class="day"
        data-yoo-calendar=""
      >
        <div
          class="day-number"
          data-yoo-calendar=""
        >
          24
        </div>
        <div
          attr-layout="row"
          attr-layout-align="center center"
          class="markers"
          data-yoo-calendar=""
        >
          
        </div>
      </div>
      <div
        attr-layout="column"
        attr-layout-align="center center"
        class="day"
        data-yoo-calendar=""
      >
        <div
          class="day-number"
          data-yoo-calendar=""
        >
          25
        </div>
        <div
          attr-layout="row"
          attr-layout-align="center center"
          class="markers"
          data-yoo-calendar=""
        >
          
        </div>
      </div>
      <div
        attr-layout="column"
        attr-layout-align="center center"
        class="day"
        data-yoo-calendar=""
      >
        <div
          class="day-number"
          data-yoo-calendar=""
        >
          26
        </div>
        <div
          attr-layout="row"
          attr-layout-align="center center"
          class="markers"
          data-yoo-calendar=""
        >
          
        </div>
      </div>
    </div>
    <div
      attr-layout="row"
      class="week mode-month"
      data-yoo-calendar=""
    >
      <div
        attr-layout="column"
        attr-layout-align="center center"
        class="day"
        data-yoo-calendar=""
      >
        <div
          class="day-number"
          data-yoo-calendar=""
        >
          27
        </div>
        <div
          attr-layout="row"
          attr-layout-align="center center"
          class="markers"
          data-yoo-calendar=""
        >
          
        </div>
      </div>
      <div
        attr-layout="column"
        attr-layout-align="center center"
        class="day"
        data-yoo-calendar=""
      >
        <div
          class="day-number"
          data-yoo-calendar=""
        >
          28
        </div>
        <div
          attr-layout="row"
          attr-layout-align="center center"
          class="markers"
          data-yoo-calendar=""
        >
          
        </div>
      </div>
      <div
        attr-layout="column"
        attr-layout-align="center center"
        class="day"
        data-yoo-calendar=""
      >
        <div
          class="day-number"
          data-yoo-calendar=""
        >
          29
        </div>
        <div
          attr-layout="row"
          attr-layout-align="center center"
          class="markers"
          data-yoo-calendar=""
        >
          
        </div>
      </div>
      <div
        attr-layout="column"
        attr-layout-align="center center"
        class="day"
        data-yoo-calendar=""
      >
        <div
          class="day-number"
          data-yoo-calendar=""
        >
          30
        </div>
        <div
          attr-layout="row"
          attr-layout-align="center center"
          class="markers"
          data-yoo-calendar=""
        >
          
        </div>
      </div>
      <div
        attr-layout="column"
        attr-layout-align="center center"
        class="day"
        data-yoo-calendar=""
      >
        <div
          class="day-number"
          data-yoo-calendar=""
        >
          31
        </div>
        <div
          attr-layout="row"
          attr-layout-align="center center"
          class="markers"
          data-yoo-calendar=""
        >
          
        </div>
      </div>
      <div
        attr-layout="column"
        attr-layout-align="center center"
        class="day grey-day"
        data-yoo-calendar=""
      >
        <div
          class="day-number"
          data-yoo-calendar=""
        >
          01
        </div>
        <div
          attr-layout="row"
          attr-layout-align="center center"
          class="markers"
          data-yoo-calendar=""
        >
          
        </div>
      </div>
      <div
        attr-layout="column"
        attr-layout-align="center center"
        class="day grey-day"
        data-yoo-calendar=""
      >
        <div
          class="day-number"
          data-yoo-calendar=""
        >
          02
        </div>
        <div
          attr-layout="row"
          attr-layout-align="center center"
          class="markers"
          data-yoo-calendar=""
        >
          
        </div>
      </div>
    </div>
  </div>
</yoo-calendar>
`;

exports[`CalendarComponent Rendering Should render with the current active day 1`] = `
<yoo-calendar
  class="hydrated"
  data-yoo-calendar-host=""
>
  
  <div
    class="header"
    data-yoo-calendar=""
  >
    <div
      attr-layout="row"
      class="toolbar-tools"
      data-yoo-calendar=""
    >
      <yoo-tooltip
        data-yoo-calendar=""
        placement="bottom"
        text="Previous"
      >
        <yoo-button
          class="icon-only"
          data-yoo-calendar=""
          icon="yo-left"
        />
      </yoo-tooltip>
      <yoo-tooltip
        data-yoo-calendar=""
        placement="bottom"
        text="Next"
      >
        <yoo-button
          class="icon-only"
          data-yoo-calendar=""
          icon="yo-right"
        />
      </yoo-tooltip>
      <yoo-button
        class="medium"
        data-yoo-calendar=""
        text="Today"
      />
      <h2
        class="active-day"
        data-yoo-calendar=""
      >
        May 8, 2018
      </h2>
      <yoo-button
        class="medium"
        data-yoo-calendar=""
        text="Week"
      />
      <yoo-button
        class="medium success"
        data-yoo-calendar=""
        text="Month"
      />
    </div>
  </div>
  <div
    attr-layout="column"
    class="days"
    data-yoo-calendar=""
  >
    <div
      attr-layout="row"
      class="week-header"
      data-yoo-calendar=""
    >
      <div
        attr-layout="column"
        attr-layout-align="center center"
        class="day"
        data-yoo-calendar=""
      >
        <div
          class="day-text"
          data-yoo-calendar=""
        >
          Sun
        </div>
      </div>
      <div
        attr-layout="column"
        attr-layout-align="center center"
        class="day"
        data-yoo-calendar=""
      >
        <div
          class="day-text"
          data-yoo-calendar=""
        >
          Mon
        </div>
      </div>
      <div
        attr-layout="column"
        attr-layout-align="center center"
        class="day"
        data-yoo-calendar=""
      >
        <div
          class="day-text"
          data-yoo-calendar=""
        >
          Tue
        </div>
      </div>
      <div
        attr-layout="column"
        attr-layout-align="center center"
        class="day"
        data-yoo-calendar=""
      >
        <div
          class="day-text"
          data-yoo-calendar=""
        >
          Wed
        </div>
      </div>
      <div
        attr-layout="column"
        attr-layout-align="center center"
        class="day"
        data-yoo-calendar=""
      >
        <div
          class="day-text"
          data-yoo-calendar=""
        >
          Thu
        </div>
      </div>
      <div
        attr-layout="column"
        attr-layout-align="center center"
        class="day"
        data-yoo-calendar=""
      >
        <div
          class="day-text"
          data-yoo-calendar=""
        >
          Fri
        </div>
      </div>
      <div
        attr-layout="column"
        attr-layout-align="center center"
        class="day"
        data-yoo-calendar=""
      >
        <div
          class="day-text"
          data-yoo-calendar=""
        >
          Sat
        </div>
      </div>
    </div>
    <div
      attr-layout="row"
      class="week mode-month"
      data-yoo-calendar=""
    >
      <div
        attr-layout="column"
        attr-layout-align="center center"
        class="day grey-day"
        data-yoo-calendar=""
      >
        <div
          class="day-number"
          data-yoo-calendar=""
        >
          29
        </div>
        <div
          attr-layout="row"
          attr-layout-align="center center"
          class="markers"
          data-yoo-calendar=""
        >
          
        </div>
      </div>
      <div
        attr-layout="column"
        attr-layout-align="center center"
        class="day grey-day"
        data-yoo-calendar=""
      >
        <div
          class="day-number"
          data-yoo-calendar=""
        >
          30
        </div>
        <div
          attr-layout="row"
          attr-layout-align="center center"
          class="markers"
          data-yoo-calendar=""
        >
          
        </div>
      </div>
      <div
        attr-layout="column"
        attr-layout-align="center center"
        class="day"
        data-yoo-calendar=""
      >
        <div
          class="day-number"
          data-yoo-calendar=""
        >
          01
        </div>
        <div
          attr-layout="row"
          attr-layout-align="center center"
          class="markers"
          data-yoo-calendar=""
        >
          
        </div>
      </div>
      <div
        attr-layout="column"
        attr-layout-align="center center"
        class="day"
        data-yoo-calendar=""
      >
        <div
          class="day-number"
          data-yoo-calendar=""
        >
          02
        </div>
        <div
          attr-layout="row"
          attr-layout-align="center center"
          class="markers"
          data-yoo-calendar=""
        >
          
        </div>
      </div>
      <div
        attr-layout="column"
        attr-layout-align="center center"
        class="day"
        data-yoo-calendar=""
      >
        <div
          class="day-number"
          data-yoo-calendar=""
        >
          03
        </div>
        <div
          attr-layout="row"
          attr-layout-align="center center"
          class="markers"
          data-yoo-calendar=""
        >
          
        </div>
      </div>
      <div
        attr-layout="column"
        attr-layout-align="center center"
        class="day"
        data-yoo-calendar=""
      >
        <div
          class="day-number"
          data-yoo-calendar=""
        >
          04
        </div>
        <div
          attr-layout="row"
          attr-layout-align="center center"
          class="markers"
          data-yoo-calendar=""
        >
          
        </div>
      </div>
      <div
        attr-layout="column"
        attr-layout-align="center center"
        class="day"
        data-yoo-calendar=""
      >
        <div
          class="day-number"
          data-yoo-calendar=""
        >
          05
        </div>
        <div
          attr-layout="row"
          attr-layout-align="center center"
          class="markers"
          data-yoo-calendar=""
        >
          
        </div>
      </div>
    </div>
    <div
      attr-layout="row"
      class="week mode-month"
      data-yoo-calendar=""
    >
      <div
        attr-layout="column"
        attr-layout-align="center center"
        class="day"
        data-yoo-calendar=""
      >
        <div
          class="day-number"
          data-yoo-calendar=""
        >
          06
        </div>
        <div
          attr-layout="row"
          attr-layout-align="center center"
          class="markers"
          data-yoo-calendar=""
        >
          
        </div>
      </div>
      <div
        attr-layout="column"
        attr-layout-align="center center"
        class="day"
        data-yoo-calendar=""
      >
        <div
          class="day-number"
          data-yoo-calendar=""
        >
          07
        </div>
        <div
          attr-layout="row"
          attr-layout-align="center center"
          class="markers"
          data-yoo-calendar=""
        >
          
        </div>
      </div>
      <div
        attr-layout="column"
        attr-layout-align="center center"
        class="day active"
        data-yoo-calendar=""
      >
        <div
          class="day-number"
          data-yoo-calendar=""
        >
          08
        </div>
        <div
          attr-layout="row"
          attr-layout-align="center center"
          class="markers"
          data-yoo-calendar=""
        >
          
        </div>
      </div>
      <div
        attr-layout="column"
        attr-layout-align="center center"
        class="day"
        data-yoo-calendar=""
      >
        <div
          class="day-number"
          data-yoo-calendar=""
        >
          09
        </div>
        <div
          attr-layout="row"
          attr-layout-align="center center"
          class="markers"
          data-yoo-calendar=""
        >
          
        </div>
      </div>
      <div
        attr-layout="column"
        attr-layout-align="center center"
        class="day"
        data-yoo-calendar=""
      >
        <div
          class="day-number"
          data-yoo-calendar=""
        >
          10
        </div>
        <div
          attr-layout="row"
          attr-layout-align="center center"
          class="markers"
          data-yoo-calendar=""
        >
          
        </div>
      </div>
      <div
        attr-layout="column"
        attr-layout-align="center center"
        class="day"
        data-yoo-calendar=""
      >
        <div
          class="day-number"
          data-yoo-calendar=""
        >
          11
        </div>
        <div
          attr-layout="row"
          attr-layout-align="center center"
          class="markers"
          data-yoo-calendar=""
        >
          
        </div>
      </div>
      <div
        attr-layout="column"
        attr-layout-align="center center"
        class="day"
        data-yoo-calendar=""
      >
        <div
          class="day-number"
          data-yoo-calendar=""
        >
          12
        </div>
        <div
          attr-layout="row"
          attr-layout-align="center center"
          class="markers"
          data-yoo-calendar=""
        >
          
        </div>
      </div>
    </div>
    <div
      attr-layout="row"
      class="week mode-month"
      data-yoo-calendar=""
    >
      <div
        attr-layout="column"
        attr-layout-align="center center"
        class="day"
        data-yoo-calendar=""
      >
        <div
          class="day-number"
          data-yoo-calendar=""
        >
          13
        </div>
        <div
          attr-layout="row"
          attr-layout-align="center center"
          class="markers"
          data-yoo-calendar=""
        >
          
        </div>
      </div>
      <div
        attr-layout="column"
        attr-layout-align="center center"
        class="day"
        data-yoo-calendar=""
      >
        <div
          class="day-number"
          data-yoo-calendar=""
        >
          14
        </div>
        <div
          attr-layout="row"
          attr-layout-align="center center"
          class="markers"
          data-yoo-calendar=""
        >
          
        </div>
      </div>
      <div
        attr-layout="column"
        attr-layout-align="center center"
        class="day"
        data-yoo-calendar=""
      >
        <div
          class="day-number"
          data-yoo-calendar=""
        >
          15
        </div>
        <div
          attr-layout="row"
          attr-layout-align="center center"
          class="markers"
          data-yoo-calendar=""
        >
          
        </div>
      </div>
      <div
        attr-layout="column"
        attr-layout-align="center center"
        class="day"
        data-yoo-calendar=""
      >
        <div
          class="day-number"
          data-yoo-calendar=""
        >
          16
        </div>
        <div
          attr-layout="row"
          attr-layout-align="center center"
          class="markers"
          data-yoo-calendar=""
        >
          
        </div>
      </div>
      <div
        attr-layout="column"
        attr-layout-align="center center"
        class="day"
        data-yoo-calendar=""
      >
        <div
          class="day-number"
          data-yoo-calendar=""
        >
          17
        </div>
        <div
          attr-layout="row"
          attr-layout-align="center center"
          class="markers"
          data-yoo-calendar=""
        >
          
        </div>
      </div>
      <div
        attr-layout="column"
        attr-layout-align="center center"
        class="day"
        data-yoo-calendar=""
      >
        <div
          class="day-number"
          data-yoo-calendar=""
        >
          18
        </div>
        <div
          attr-layout="row"
          attr-layout-align="center center"
          class="markers"
          data-yoo-calendar=""
        >
          
        </div>
      </div>
      <div
        attr-layout="column"
        attr-layout-align="center center"
        class="day"
        data-yoo-calendar=""
      >
        <div
          class="day-number"
          data-yoo-calendar=""
        >
          19
        </div>
        <div
          attr-layout="row"
          attr-layout-align="center center"
          class="markers"
          data-yoo-calendar=""
        >
          
        </div>
      </div>
    </div>
    <div
      attr-layout="row"
      class="week mode-month"
      data-yoo-calendar=""
    >
      <div
        attr-layout="column"
        attr-layout-align="center center"
        class="day"
        data-yoo-calendar=""
      >
        <div
          class="day-number"
          data-yoo-calendar=""
        >
          20
        </div>
        <div
          attr-layout="row"
          attr-layout-align="center center"
          class="markers"
          data-yoo-calendar=""
        >
          
        </div>
      </div>
      <div
        attr-layout="column"
        attr-layout-align="center center"
        class="day"
        data-yoo-calendar=""
      >
        <div
          class="day-number"
          data-yoo-calendar=""
        >
          21
        </div>
        <div
          attr-layout="row"
          attr-layout-align="center center"
          class="markers"
          data-yoo-calendar=""
        >
          
        </div>
      </div>
      <div
        attr-layout="column"
        attr-layout-align="center center"
        class="day"
        data-yoo-calendar=""
      >
        <div
          class="day-number"
          data-yoo-calendar=""
        >
          22
        </div>
        <div
          attr-layout="row"
          attr-layout-align="center center"
          class="markers"
          data-yoo-calendar=""
        >
          
        </div>
      </div>
      <div
        attr-layout="column"
        attr-layout-align="center center"
        class="day"
        data-yoo-calendar=""
      >
        <div
          class="day-number"
          data-yoo-calendar=""
        >
          23
        </div>
        <div
          attr-layout="row"
          attr-layout-align="center center"
          class="markers"
          data-yoo-calendar=""
        >
          
        </div>
      </div>
      <div
        attr-layout="column"
        attr-layout-align="center center"
        class="day"
        data-yoo-calendar=""
      >
        <div
          class="day-number"
          data-yoo-calendar=""
        >
          24
        </div>
        <div
          attr-layout="row"
          attr-layout-align="center center"
          class="markers"
          data-yoo-calendar=""
        >
          
        </div>
      </div>
      <div
        attr-layout="column"
        attr-layout-align="center center"
        class="day"
        data-yoo-calendar=""
      >
        <div
          class="day-number"
          data-yoo-calendar=""
        >
          25
        </div>
        <div
          attr-layout="row"
          attr-layout-align="center center"
          class="markers"
          data-yoo-calendar=""
        >
          
        </div>
      </div>
      <div
        attr-layout="column"
        attr-layout-align="center center"
        class="day"
        data-yoo-calendar=""
      >
        <div
          class="day-number"
          data-yoo-calendar=""
        >
          26
        </div>
        <div
          attr-layout="row"
          attr-layout-align="center center"
          class="markers"
          data-yoo-calendar=""
        >
          
        </div>
      </div>
    </div>
    <div
      attr-layout="row"
      class="week mode-month"
      data-yoo-calendar=""
    >
      <div
        attr-layout="column"
        attr-layout-align="center center"
        class="day"
        data-yoo-calendar=""
      >
        <div
          class="day-number"
          data-yoo-calendar=""
        >
          27
        </div>
        <div
          attr-layout="row"
          attr-layout-align="center center"
          class="markers"
          data-yoo-calendar=""
        >
          
        </div>
      </div>
      <div
        attr-layout="column"
        attr-layout-align="center center"
        class="day"
        data-yoo-calendar=""
      >
        <div
          class="day-number"
          data-yoo-calendar=""
        >
          28
        </div>
        <div
          attr-layout="row"
          attr-layout-align="center center"
          class="markers"
          data-yoo-calendar=""
        >
          
        </div>
      </div>
      <div
        attr-layout="column"
        attr-layout-align="center center"
        class="day"
        data-yoo-calendar=""
      >
        <div
          class="day-number"
          data-yoo-calendar=""
        >
          29
        </div>
        <div
          attr-layout="row"
          attr-layout-align="center center"
          class="markers"
          data-yoo-calendar=""
        >
          
        </div>
      </div>
      <div
        attr-layout="column"
        attr-layout-align="center center"
        class="day"
        data-yoo-calendar=""
      >
        <div
          class="day-number"
          data-yoo-calendar=""
        >
          30
        </div>
        <div
          attr-layout="row"
          attr-layout-align="center center"
          class="markers"
          data-yoo-calendar=""
        >
          
        </div>
      </div>
      <div
        attr-layout="column"
        attr-layout-align="center center"
        class="day"
        data-yoo-calendar=""
      >
        <div
          class="day-number"
          data-yoo-calendar=""
        >
          31
        </div>
        <div
          attr-layout="row"
          attr-layout-align="center center"
          class="markers"
          data-yoo-calendar=""
        >
          
        </div>
      </div>
      <div
        attr-layout="column"
        attr-layout-align="center center"
        class="day grey-day"
        data-yoo-calendar=""
      >
        <div
          class="day-number"
          data-yoo-calendar=""
        >
          01
        </div>
        <div
          attr-layout="row"
          attr-layout-align="center center"
          class="markers"
          data-yoo-calendar=""
        >
          
        </div>
      </div>
      <div
        attr-layout="column"
        attr-layout-align="center center"
        class="day grey-day"
        data-yoo-calendar=""
      >
        <div
          class="day-number"
          data-yoo-calendar=""
        >
          02
        </div>
        <div
          attr-layout="row"
          attr-layout-align="center center"
          class="markers"
          data-yoo-calendar=""
        >
          
        </div>
      </div>
    </div>
  </div>
</yoo-calendar>
`;
