// Jest Snapshot v1, https://goo.gl/fbAQLP

exports[`YooFormTimerComponent Snapshots should have a class 1`] = `
<yoo-form-timer
  class="accent hydrated"
  data-yoo-form-timer-host=""
>
  
  <div
    attr-layout="row"
    class="outer-container"
    data-yoo-form-timer=""
  >
    <div
      attr-layout="column"
      class="column-container"
      data-yoo-form-timer=""
    >
      <div
        class="text-container"
        data-yoo-form-timer=""
      >
        TIME IN
      </div>
      <yoo-form-input
        data-yoo-form-timer=""
        type="time"
      />
      <div
        class="text-container"
        data-yoo-form-timer=""
      >
        TIME OUT
      </div>
      <yoo-form-input
        data-yoo-form-timer=""
        type="time"
      />
    </div>
    <div
      attr-layout="column"
      class="column-container"
      data-yoo-form-timer=""
    >
      <div
        class="text-container"
        data-yoo-form-timer=""
      >
        TOTAL TASK
      </div>
      <div
        class="text-container"
        data-yoo-form-timer=""
      >
        
      </div>
      <div
        class="text-container"
        data-yoo-form-timer=""
      >
        Hrs Mins
      </div>
    </div>
    
  </div>
</yoo-form-timer>
`;
