// Jest Snapshot v1, https://goo.gl/fbAQLP

exports[`YooFormInputComponent rendering should render simple text input 1`] = `
<yoo-form-range
  class="hydrated"
  data-yoo-form-range-host=""
>
  
  <div
    attr-layout="column"
    class="outer-container"
    data-yoo-form-range=""
  >
    <div
      attr-layout="row"
      class="inputs-container"
      data-yoo-form-range=""
    >
      
      <div
        class="input single"
        data-yoo-form-range=""
      >
        <input
          data-yoo-form-range=""
          type="number"
        />
      </div>
    </div>
    <div
      class="slider-container"
      data-yoo-form-range=""
    >
      <yoo-form-slider
        class="gradient-success"
        data-yoo-form-range=""
        hidelabel="true"
        hidereferences="true"
        initiallowvalue="0"
        initialvalue="0"
      />
    </div>
  </div>
</yoo-form-range>
`;

exports[`YooFormInputComponent rendering should render simple text input 2`] = `
<yoo-form-range
  class="hydrated"
  data-yoo-form-range-host=""
>
  
  <div
    attr-layout="column"
    class="outer-container"
    data-yoo-form-range=""
  >
    <div
      attr-layout="row"
      class="inputs-container"
      data-yoo-form-range=""
    >
      
      <div
        class="input single"
        data-yoo-form-range=""
      >
        <input
          data-yoo-form-range=""
          type="number"
        />
      </div>
    </div>
    <div
      class="slider-container"
      data-yoo-form-range=""
    >
      <yoo-form-slider
        class="gradient-success"
        data-yoo-form-range=""
        hidelabel="true"
        hidereferences="true"
        initiallowvalue="0"
        initialvalue="0"
      />
    </div>
  </div>
</yoo-form-range>
`;

exports[`YooFormInputComponent rendering should render simple text input 3`] = `
<yoo-form-range
  class="hydrated"
  data-yoo-form-range-host=""
>
  
  <div
    attr-layout="column"
    class="outer-container"
    data-yoo-form-range=""
  >
    <div
      attr-layout="row"
      class="inputs-container"
      data-yoo-form-range=""
    >
      
      <div
        class="input single"
        data-yoo-form-range=""
      >
        <input
          data-yoo-form-range=""
          type="number"
        />
      </div>
    </div>
    <div
      class="slider-container"
      data-yoo-form-range=""
    >
      <yoo-form-slider
        class="gradient-success"
        data-yoo-form-range=""
        hidelabel="true"
        hidereferences="true"
        initiallowvalue="0"
        initialvalue="0"
      />
    </div>
  </div>
</yoo-form-range>
`;

exports[`YooFormInputComponent should build 1`] = `
YooFormRangeComponent {
  "_asyncValidator": [Function],
  "_validator": [Function],
  "validators": Array [],
}
`;
