// Jest Snapshot v1, https://goo.gl/fbAQLP

exports[`YooFormTextEditorComponent Snapshot Should render 1`] = `
<yoo-form-text-editor
  class="hydrated"
  data-yoo-form-text-editor-host=""
>
  
  <div
    class="container"
    data-yoo-form-text-editor=""
    id="mytexteditor_2"
  />
</yoo-form-text-editor>
`;
