// Jest Snapshot v1, https://goo.gl/fbAQLP

exports[`CardListComponent Rendering Should render 1`] = `
<yoo-card-list
  class="hydrated"
  data-yoo-card-list-host=""
>
  
  <div
    attr-layout="row"
    class="outer-container"
    data-yoo-card-list=""
  >
    
    <div
      attr-layout="column"
      class="content-container"
      data-yoo-card-list=""
    >
      <div
        class="top-container"
        data-yoo-card-list=""
      >
        <div
          attr-layout="row"
          class="heading-container"
          data-yoo-card-list=""
        >
          
        </div>
        
      </div>
      <div
        attr-layout="row"
        class="slot-container"
        data-yoo-card-list=""
        data-yoo-card-list-slot=""
      >
        
        <div
          attr-layout="column"
          class="inner-container"
          data-yoo-card-list=""
        >
          
        </div>
      </div>
    </div>
  </div>
</yoo-card-list>
`;

exports[`CardListComponent Rendering Should render multiple users properly Should render with props and 2 users 1`] = `
<yoo-card-list
  class="hydrated"
  data-yoo-card-list-host=""
>
  
  <div
    attr-layout="row"
    class="outer-container"
    data-yoo-card-list=""
  >
    
    <div
      attr-layout="column"
      class="content-container"
      data-yoo-card-list=""
    >
      <div
        class="top-container"
        data-yoo-card-list=""
      >
        <div
          attr-layout="row"
          class="heading-container"
          data-yoo-card-list=""
        >
          
        </div>
        
      </div>
      <div
        attr-layout="row"
        class="slot-container"
        data-yoo-card-list=""
        data-yoo-card-list-slot=""
      >
        
        <div
          attr-layout="column"
          class="inner-container"
          data-yoo-card-list=""
        >
          
        </div>
      </div>
    </div>
  </div>
</yoo-card-list>
`;

exports[`CardListComponent Rendering Should render multiple users properly Should render with props and 3 users 1`] = `
<yoo-card-list
  class="hydrated"
  data-yoo-card-list-host=""
>
  
  <div
    attr-layout="row"
    class="outer-container"
    data-yoo-card-list=""
  >
    
    <div
      attr-layout="column"
      class="content-container"
      data-yoo-card-list=""
    >
      <div
        class="top-container"
        data-yoo-card-list=""
      >
        <div
          attr-layout="row"
          class="heading-container"
          data-yoo-card-list=""
        >
          
        </div>
        
      </div>
      <div
        attr-layout="row"
        class="slot-container"
        data-yoo-card-list=""
        data-yoo-card-list-slot=""
      >
        
        <div
          attr-layout="column"
          class="inner-container"
          data-yoo-card-list=""
        >
          
        </div>
      </div>
    </div>
  </div>
</yoo-card-list>
`;

exports[`CardListComponent Rendering Should render multiple users properly Should render with props and multiple users 1`] = `
<yoo-card-list
  class="hydrated"
  data-yoo-card-list-host=""
>
  
  <div
    attr-layout="row"
    class="outer-container"
    data-yoo-card-list=""
  >
    
    <div
      attr-layout="column"
      class="content-container"
      data-yoo-card-list=""
    >
      <div
        class="top-container"
        data-yoo-card-list=""
      >
        <div
          attr-layout="row"
          class="heading-container"
          data-yoo-card-list=""
        >
          
        </div>
        
      </div>
      <div
        attr-layout="row"
        class="slot-container"
        data-yoo-card-list=""
        data-yoo-card-list-slot=""
      >
        
        <div
          attr-layout="column"
          class="inner-container"
          data-yoo-card-list=""
        >
          
        </div>
      </div>
    </div>
  </div>
</yoo-card-list>
`;

exports[`CardListComponent Rendering Should render with props 1`] = `
<yoo-card-list
  class="hydrated"
  data-yoo-card-list-host=""
>
  
  <div
    attr-layout="row"
    class="outer-container"
    data-yoo-card-list=""
  >
    
    <div
      attr-layout="column"
      class="content-container"
      data-yoo-card-list=""
    >
      <div
        class="top-container"
        data-yoo-card-list=""
      >
        <div
          attr-layout="row"
          class="heading-container"
          data-yoo-card-list=""
        >
          
        </div>
        
      </div>
      <div
        attr-layout="row"
        class="slot-container"
        data-yoo-card-list=""
        data-yoo-card-list-slot=""
      >
        
        <div
          attr-layout="column"
          class="inner-container"
          data-yoo-card-list=""
        >
          
        </div>
      </div>
    </div>
  </div>
</yoo-card-list>
`;

exports[`CardListComponent Rendering Should render with props and a single user 1`] = `
<yoo-card-list
  class="hydrated"
  data-yoo-card-list-host=""
>
  
  <div
    attr-layout="row"
    class="outer-container"
    data-yoo-card-list=""
  >
    
    <div
      attr-layout="column"
      class="content-container"
      data-yoo-card-list=""
    >
      <div
        class="top-container"
        data-yoo-card-list=""
      >
        <div
          attr-layout="row"
          class="heading-container"
          data-yoo-card-list=""
        >
          
        </div>
        
      </div>
      <div
        attr-layout="row"
        class="slot-container"
        data-yoo-card-list=""
        data-yoo-card-list-slot=""
      >
        
        <div
          attr-layout="column"
          class="inner-container"
          data-yoo-card-list=""
        >
          
        </div>
      </div>
    </div>
  </div>
</yoo-card-list>
`;
