// Jest Snapshot v1, https://goo.gl/fbAQLP

exports[`ServiceCreateComponent Rendering Should render 1`] = `
<yoo-service-create
  class="hydrated"
  data-yoo-service-create-host=""
>
  
  <div
    data-yoo-service-create=""
  >
    ServiceCreate needs a proper template
  </div>
</yoo-service-create>
`;
