// Jest Snapshot v1, https://goo.gl/fbAQLP

exports[`YooProfileComponent Rendering Should render 1`] = `
<yoo-profile
  class="hydrated"
  data-yoo-profile-host=""
>
  
  <div
    class="profile-content"
    data-yoo-profile=""
  >
    <div
      data-yoo-profile=""
    >
      loading
    </div>
  </div>
</yoo-profile>
`;

exports[`YooProfileComponent Rendering Should render with config 1`] = `
<yoo-profile
  class="hydrated"
  data-yoo-profile-host=""
>
  
  <div
    class="profile-content"
    data-yoo-profile=""
  >
    <span
      data-yoo-profile=""
    >
      <div
        class="profile-user"
        data-yoo-profile=""
      >
        <yoo-avatar
          bottom-right-icon="yo-pen"
          class="large gradient-success large-border"
          data-yoo-profile=""
        />
        <div
          class="profile-user-name"
          data-yoo-profile=""
        >
          Cecilia Adams
        </div>
        <div
          class="profile-user-role"
          data-yoo-profile=""
        >
          Store Manager
        </div>
      </div>
      <div
        class="profile-links"
        data-yoo-profile=""
      >
        <span
          data-yoo-profile=""
        >
          <div
            class="profile-links-title"
            data-yoo-profile=""
          >
            More
          </div>
          <ul
            class="profile-links-menu"
            data-yoo-profile=""
          >
            <span
              data-yoo-profile=""
            >
              <li
                class="profile-links-menu-item"
                data-yoo-profile=""
              >
                Documents 
                <i
                  class="yo-right"
                  data-yoo-profile=""
                />
              </li>
              <div
                class="border"
                data-yoo-profile=""
              />
            </span>
            <span
              data-yoo-profile=""
            >
              <li
                class="profile-links-menu-item"
                data-yoo-profile=""
              >
                Contacts 
                <i
                  class="yo-right"
                  data-yoo-profile=""
                />
              </li>
              <div
                class="border"
                data-yoo-profile=""
              />
            </span>
            <span
              data-yoo-profile=""
            >
              <li
                class="profile-links-menu-item"
                data-yoo-profile=""
              >
                Notes 
                <i
                  class="yo-right"
                  data-yoo-profile=""
                />
              </li>
              <div
                class="border"
                data-yoo-profile=""
              />
            </span>
          </ul>
        </span>
        <span
          data-yoo-profile=""
        >
          <div
            class="profile-links-title"
            data-yoo-profile=""
          >
            Get started
          </div>
          <ul
            class="profile-links-menu"
            data-yoo-profile=""
          >
            <span
              data-yoo-profile=""
            >
              <li
                class="profile-links-menu-item"
                data-yoo-profile=""
              >
                What's New? 
                <i
                  class="yo-right"
                  data-yoo-profile=""
                />
              </li>
              <div
                class="border"
                data-yoo-profile=""
              />
            </span>
            <span
              data-yoo-profile=""
            >
              <li
                class="profile-links-menu-item"
                data-yoo-profile=""
              >
                Walkthrough 
                <i
                  class="yo-right"
                  data-yoo-profile=""
                />
              </li>
              <div
                class="border"
                data-yoo-profile=""
              />
            </span>
          </ul>
        </span>
        <span
          data-yoo-profile=""
        >
          <div
            class="profile-links-title"
            data-yoo-profile=""
          >
            Support & Preferences
          </div>
          <ul
            class="profile-links-menu"
            data-yoo-profile=""
          >
            <span
              data-yoo-profile=""
            >
              <li
                class="profile-links-menu-item"
                data-yoo-profile=""
              >
                Settings 
                <i
                  class="yo-right"
                  data-yoo-profile=""
                />
              </li>
              <div
                class="border"
                data-yoo-profile=""
              />
            </span>
            <span
              data-yoo-profile=""
            >
              <li
                class="profile-links-menu-item"
                data-yoo-profile=""
              >
                Help Center 
                <i
                  class="yo-right"
                  data-yoo-profile=""
                />
              </li>
              <div
                class="border"
                data-yoo-profile=""
              />
            </span>
            <span
              data-yoo-profile=""
            >
              <li
                class="profile-links-menu-item"
                data-yoo-profile=""
              >
                Terms & Conditions 
                <i
                  class="yo-right"
                  data-yoo-profile=""
                />
              </li>
              <div
                class="border"
                data-yoo-profile=""
              />
            </span>
          </ul>
        </span>
      </div>
      <div
        class="profile-logout"
        data-yoo-profile=""
      >
        <div
          class="border"
          data-yoo-profile=""
        />
        <span
          class="profile-logout-text"
          data-yoo-profile=""
        >
          Log Out
        </span>
        <div
          class="border"
          data-yoo-profile=""
        />
      </div>
    </span>
  </div>
</yoo-profile>
`;
